output/cleaned_data.csv
ItemId,Channel,ScrapDate,SalesCount,SalePrice,OriginalPrice,Discount
5021636818,Lazada,2023-01-01,27000,472000,475000,0
5021636818,Lazada,2023-01-04,27000,485000,485000,0
5021636818,Lazada,2023-01-05,27000,485000,485000,0
5021636818,Lazada,2023-01-06,2700,485000,485000,0
5021636818,Lazada,2023-01-07,2700,485000,485000,0
5021636818,Lazada,2023-01-08,2700,485000,485000,0
5021636818,Lazada,2023-01-09,27000,485000,485000,0
5021636818,Lazada,2023-01-10,28000,485000,485000,0
6267002762,Lazada,2023-01-01,15000,996000,1839000,46
6267002762,Lazada,2023-01-03,15000,996000,1839000,46
6267002762,Lazada,2023-01-04,15000,999000,1839000,46
6267002762,Lazada,2023-01-05,15000,999000,1839000,46
6267002762,Lazada,2023-01-06,1525,999000,1839000,46
6267002762,Lazada,2023-01-07,1550,999000,1839000,46
6267002762,Lazada,2023-01-08,1575,999000,1839000,46
6267002762,Lazada,2023-01-09,16000,999000,1839000,46
6267002762,Lazada,2023-01-10,16000,999000,1839000,46
14368884967,Shopee,2023-01-01,10,2399000,2638900,10
14368884967,Shopee,2023-01-03,10,2325000,2557500,10
14368884967,Shopee,2023-01-05,10,2325000,2557500,10
14368884967,Shopee,2023-01-06,10,2325000,2557500,10
14368884967,Shopee,2023-01-07,10,2325000,2557500,10
14368884967,Shopee,2023-01-08,10,2325000,2557500,10
14368884967,Shopee,2023-01-09,10,2325000,2557500,10
14368884967,Shopee,2023-01-10,10,2325000,2557500,10
1730703042866349804,Tiktok,2023-01-01,48,76472,86900,12
1730703042866349804,Tiktok,2023-01-02,48,82365,96900,15
1730703042866349804,Tiktok,2023-01-03,47,73200,91500,20
1730703042866349804,Tiktok,2023-01-04,47,67160,92000,27
1730703042866349804,Tiktok,2023-01-05,51,67160,92000,27
1730703042866349804,Tiktok,2023-01-06,53,67000,134000,50
1730703042866349804,Tiktok,2023-01-07,57,67000,134000,50
1730703042866349804,Tiktok,2023-01-10,71,62500,125000,50
10316876038,Tokopedia,2023-01-01,599,145000,145000,0
10316876038,Tokopedia,2023-01-02,599,145000,145000,0
10316876038,Tokopedia,2023-01-03,599,145000,145000,0
10316876038,Tokopedia,2023-01-04,599,145000,145000,0
10316876038,Tokopedia,2023-01-05,603,145000,145000,0
10316876038,Tokopedia,2023-01-06,5,159500,159500,0
10316876038,Tokopedia,2023-01-07,5,159500,159500,0
10316876038,Tokopedia,2023-01-08,5,159500,159500,0
10316876038,Tokopedia,2023-01-09,5,159500,159500,0
10316876038,Tokopedia,2023-01-10,640,159500,159500,0
